node.exe : npm warn Unknown project config "auto-install-peers". This will stop working in the next major version of 
npm. See `npm help npmrc` for supported config options.
At line:1 char:1
+ & "C:\Program Files\nodejs/node.exe" "C:\Program Files\nodejs/node_mo ...
+ ~~~~~~~~~~~~~~~~~~~~~~~~~~~~~~~~~~~~~~~~~~~~~~~~~~~~~~~~~~~~~~~~~~~~~
    + CategoryInfo          : NotSpecified: (npm warn Unknow...config options.:String) [], RemoteException
    + FullyQualifiedErrorId : NativeCommandError
 
npm warn Unknown project config "strict-peer-dependencies". This will stop working in the next major version of npm. 
See `npm help npmrc` for supported config options.
--- Testing Ummy AI Flow ---
API KEY: Present
Error: Error fetching from https://generativelanguage.googleapis.com/v1beta/models/gemini-1.5-flash:generateContent: 
[404 Not Found] models/gemini-1.5-flash is not found for API version v1beta, or is not supported for generateContent. 
Call ListModels to see the list of available models and their supported methods.
    at makeRequest (C:\ansh jha app work\project\node_modules\.pnpm\@genkit-ai+google-genai@1.1_4be952b5c7cf12cd1cef27e
4c4e8cb8f\node_modules\@genkit-ai\google-genai\src\googleai\client.ts:355:13)
    at process.processTicksAndRejections (node:internal/process/task_queues:104:5)
    at async generateContent (C:\ansh jha app work\project\node_modules\.pnpm\@genkit-ai+google-genai@1.1_4be952b5c7cf1
2cd1cef27e4c4e8cb8f\node_modules\@genkit-ai\google-genai\src\googleai\client.ts:92:20)
    at async callGemini (C:\ansh jha app work\project\node_modules\.pnpm\@genkit-ai+google-genai@1.1_4be952b5c7cf12cd1c
ef27e4c4e8cb8f\node_modules\@genkit-ai\google-genai\src\googleai\gemini.ts:623:22)
    at async <anonymous> (C:\ansh jha app work\project\node_modules\.pnpm\@genkit-ai+google-genai@1.1_4be952b5c7cf12cd1
cef27e4c4e8cb8f\node_modules\@genkit-ai\google-genai\src\googleai\gemini.ts:686:11)
    at async <anonymous> (C:\ansh jha app work\project\node_modules\.pnpm\@genkit-ai+core@1.19.1_@goo_d9850816e57f86f59
cf0ffa32eabab16\node_modules\@genkit-ai\core\src\action.ts:475:12)
    at async <anonymous> (C:\ansh jha app work\project\node_modules\.pnpm\@genkit-ai+core@1.19.1_@goo_d9850816e57f86f59
cf0ffa32eabab16\node_modules\@genkit-ai\core\src\action.ts:369:26)
    at async <anonymous> (C:\ansh jha app work\project\node_modules\.pnpm\@genkit-ai+core@1.19.1_@goo_d9850816e57f86f59
cf0ffa32eabab16\node_modules\@genkit-ai\core\src\tracing\instrumentation.ts:121:24)
    at async runInNewSpan (C:\ansh jha app work\project\node_modules\.pnpm\@genkit-ai+core@1.19.1_@goo_d9850816e57f86f5
9cf0ffa32eabab16\node_modules\@genkit-ai\core\src\tracing\instrumentation.ts:105:10)
    at async actionFn.actionFn.run (C:\ansh jha app work\project\node_modules\.pnpm\@genkit-ai+core@1.19.1_@goo_d985081
6e57f86f59cf0ffa32eabab16\node_modules\@genkit-ai\core\src\action.ts:321:18)

--- AI ERROR ---
Failed to fetch from https://generativelanguage.googleapis.com/v1beta/models/gemini-1.5-flash:generateContent: Error 
fetching from https://generativelanguage.googleapis.com/v1beta/models/gemini-1.5-flash:generateContent: [404 Not 
Found] models/gemini-1.5-flash is not found for API version v1beta, or is not supported for generateContent. Call 
ListModels to see the list of available models and their supported methods.
Error: Failed to fetch from https://generativelanguage.googleapis.com/v1beta/models/gemini-1.5-flash:generateContent: 
Error fetching from https://generativelanguage.googleapis.com/v1beta/models/gemini-1.5-flash:generateContent: [404 Not 
Found] models/gemini-1.5-flash is not found for API version v1beta, or is not supported for generateContent. Call 
ListModels to see the list of available models and their supported methods.
    at makeRequest (C:\ansh jha app work\project\node_modules\.pnpm\@genkit-ai+google-genai@1.1_4be952b5c7cf12cd1cef27e
4c4e8cb8f\node_modules\@genkit-ai\google-genai\src\googleai\client.ts:362:11)
    at process.processTicksAndRejections (node:internal/process/task_queues:104:5)
    at async generateContent (C:\ansh jha app work\project\node_modules\.pnpm\@genkit-ai+google-genai@1.1_4be952b5c7cf1
2cd1cef27e4c4e8cb8f\node_modules\@genkit-ai\google-genai\src\googleai\client.ts:92:20)
    at async callGemini (C:\ansh jha app work\project\node_modules\.pnpm\@genkit-ai+google-genai@1.1_4be952b5c7cf12cd1c
ef27e4c4e8cb8f\node_modules\@genkit-ai\google-genai\src\googleai\gemini.ts:623:22)
    at async <anonymous> (C:\ansh jha app work\project\node_modules\.pnpm\@genkit-ai+google-genai@1.1_4be952b5c7cf12cd1
cef27e4c4e8cb8f\node_modules\@genkit-ai\google-genai\src\googleai\gemini.ts:686:11)
    at async <anonymous> (C:\ansh jha app work\project\node_modules\.pnpm\@genkit-ai+core@1.19.1_@goo_d9850816e57f86f59
cf0ffa32eabab16\node_modules\@genkit-ai\core\src\action.ts:475:12)
    at async <anonymous> (C:\ansh jha app work\project\node_modules\.pnpm\@genkit-ai+core@1.19.1_@goo_d9850816e57f86f59
cf0ffa32eabab16\node_modules\@genkit-ai\core\src\action.ts:369:26)
    at async <anonymous> (C:\ansh jha app work\project\node_modules\.pnpm\@genkit-ai+core@1.19.1_@goo_d9850816e57f86f59
cf0ffa32eabab16\node_modules\@genkit-ai\core\src\tracing\instrumentation.ts:121:24)
    at async runInNewSpan (C:\ansh jha app work\project\node_modules\.pnpm\@genkit-ai+core@1.19.1_@goo_d9850816e57f86f5
9cf0ffa32eabab16\node_modules\@genkit-ai\core\src\tracing\instrumentation.ts:105:10)
    at async actionFn.actionFn.run (C:\ansh jha app work\project\node_modules\.pnpm\@genkit-ai+core@1.19.1_@goo_d985081
6e57f86f59cf0ffa32eabab16\node_modules\@genkit-ai\core\src\action.ts:321:18)
