src/app/admin/page.tsx(22,3): error TS2305: Module '"@/firebase"' has no exported member 'useStorage'.
src/app/families/[id]/page.tsx(79,21): error TS2339: Property 'familyId' does not exist on type 'WithId<UserProfile>'.
src/app/families/[id]/page.tsx(203,31): error TS2304: Cannot find name 'Badge'.
src/app/families/[id]/page.tsx(203,153): error TS2304: Cannot find name 'Badge'.
src/app/messages/page.tsx(21,113): error TS2305: Module '"@/firebase"' has no exported member 'useStorage'.
src/app/rooms/[slug]/room-client.tsx(72,3): error TS2305: Module '"@/firebase"' has no exported member 'useStorage'.
src/app/rooms/[slug]/studio/app/admin/page.tsx(9,100): error TS2305: Module '"@/firebase"' has no exported member 'useStorage'.
src/components/publish-moment-dialog.tsx(4,33): error TS2305: Module '"@/firebase"' has no exported member 'useStorage'.
src/components/room-messages-dialog.tsx(20,113): error TS2305: Module '"@/firebase"' has no exported member 'useStorage'.
src/components/room-user-profile-dialog.tsx(137,56): error TS2307: Cannot find module '@/lib/firebase/firestore-utils' or its corresponding type declarations.
src/hooks/use-game-background-upload.ts(4,10): error TS2305: Module '"@/firebase"' has no exported member 'useStorage'.
src/hooks/use-game-logo-upload.ts(5,10): error TS2305: Module '"@/firebase"' has no exported member 'useStorage'.
src/hooks/use-profile-picture-upload.ts(5,10): error TS2305: Module '"@/firebase"' has no exported member 'useStorage'.
src/hooks/use-room-background-upload.ts(4,10): error TS2305: Module '"@/firebase"' has no exported member 'useStorage'.
src/hooks/use-room-image-upload.ts(4,10): error TS2305: Module '"@/firebase"' has no exported member 'useStorage'.
src/lib/firebase-admin.ts(1,24): error TS2307: Cannot find module 'firebase-admin' or its corresponding type declarations.
